
> sistema-gestion-bodega@1.0.0 test:coverage
> jest --coverage --runInBand

PASS tests/integration/registros.test.js
PASS tests/integration/trabajadores.test.js
PASS tests/integration/asignaciones.test.js
PASS tests/unit/validaciones.test.js
PASS tests/unit/codigoGenerator.test.js
----------------------------|---------|----------|---------|---------|-------------------
File                        | % Stmts | % Branch | % Funcs | % Lines | Uncovered Line #s 
----------------------------|---------|----------|---------|---------|-------------------
All files                   |   93.12 |    83.33 |   82.35 |   93.58 |                   
 src                        |   69.56 |       50 |      40 |   71.42 |                   
  app.js                    |   69.56 |       50 |      40 |   71.42 | 27-28,37-40       
 src/config                 |     100 |      100 |     100 |     100 |                   
  database.js               |     100 |      100 |     100 |     100 |                   
 src/controllers            |   95.23 |    81.25 |     100 |   95.12 |                   
  asignacionesController.js |   91.17 |    66.66 |     100 |   91.17 | 10,15,46          
  registrosController.js    |   96.96 |    85.71 |     100 |   96.77 | 48                
  trabajadoresController.js |     100 |      100 |     100 |     100 |                   
 src/models                 |     100 |      100 |     100 |     100 |                   
  Asignacion.js             |     100 |      100 |     100 |     100 |                   
  Registro.js               |     100 |      100 |     100 |     100 |                   
  Trabajador.js             |     100 |      100 |     100 |     100 |                   
 src/routes                 |     100 |      100 |     100 |     100 |                   
  index.js                  |     100 |      100 |     100 |     100 |                   
 src/utils                  |     100 |      100 |     100 |     100 |                   
  codigoGenerator.js        |     100 |      100 |     100 |     100 |                   
  validaciones.js           |     100 |      100 |     100 |     100 |                   
----------------------------|---------|----------|---------|---------|-------------------

Test Suites: 5 passed, 5 total
Tests:       33 passed, 33 total
Snapshots:   0 total
Time:        1.921 s, estimated 2 s
Ran all test suites.
